Jan 15, 2026 11:16:26 PM ai.glog.service.GlogService getFromGlog
SEVERE: java.lang.IllegalStateException: Expected BEGIN_ARRAY but was BEGIN_OBJECT at line 1 column 2 path $
{"detail":"JSON parse error - 'utf-8' codec can't decode byte 0xa4 in position 3788: invalid start byte"}
com.google.gson.JsonSyntaxException: java.lang.IllegalStateException: Expected BEGIN_ARRAY but was BEGIN_OBJECT at line 1 column 2 path $
	at com.google.gson.Gson.fromJson(Gson.java:1003)
	at com.google.gson.Gson.fromJson(Gson.java:956)
	at com.google.gson.Gson.fromJson(Gson.java:905)
	at ai.glog.service.GlogService.getFromGlog(GlogService.java:174)
	at ai.glog.execute.workers.TriageAndRemediationCallableWorker.setGeneralRemediation(TriageAndRemediationCallableWorker.java:212)
	at ai.glog.execute.workers.TriageAndRemediationCallableWorker.call(TriageAndRemediationCallableWorker.java:64)
	at ai.glog.execute.workers.TriageAndRemediationCallableWorker.call(TriageAndRemediationCallableWorker.java:32)
	at java.base/java.util.concurrent.FutureTask.run(FutureTask.java:317)
	at java.base/java.util.concurrent.ThreadPoolExecutor.runWorker(ThreadPoolExecutor.java:1144)
	at java.base/java.util.concurrent.ThreadPoolExecutor$Worker.run(ThreadPoolExecutor.java:642)
	at java.base/java.lang.Thread.run(Thread.java:1623)
Caused by: java.lang.IllegalStateException: Expected BEGIN_ARRAY but was BEGIN_OBJECT at line 1 column 2 path $
	at com.google.gson.stream.JsonReader.beginArray(JsonReader.java:350)
	at com.google.gson.internal.bind.ArrayTypeAdapter.read(ArrayTypeAdapter.java:70)
	at com.google.gson.Gson.fromJson(Gson.java:991)
	... 10 more

Jan 15, 2026 11:16:26 PM ai.glog.service.GlogService getFromGlog
SEVERE: java.lang.IllegalStateException: Expected BEGIN_ARRAY but was BEGIN_OBJECT at line 1 column 2 path $
{"detail":"JSON parse error - 'utf-8' codec can't decode byte 0xa4 in position 3753: invalid start byte"}
com.google.gson.JsonSyntaxException: java.lang.IllegalStateException: Expected BEGIN_ARRAY but was BEGIN_OBJECT at line 1 column 2 path $
	at com.google.gson.Gson.fromJson(Gson.java:1003)
	at com.google.gson.Gson.fromJson(Gson.java:956)
	at com.google.gson.Gson.fromJson(Gson.java:905)
	at ai.glog.service.GlogService.getFromGlog(GlogService.java:174)
	at ai.glog.execute.workers.TriageAndRemediationCallableWorker.setGeneralRemediation(TriageAndRemediationCallableWorker.java:212)
	at ai.glog.execute.workers.TriageAndRemediationCallableWorker.call(TriageAndRemediationCallableWorker.java:64)
	at ai.glog.execute.workers.TriageAndRemediationCallableWorker.call(TriageAndRemediationCallableWorker.java:32)
	at java.base/java.util.concurrent.FutureTask.run(FutureTask.java:317)
	at java.base/java.util.concurrent.ThreadPoolExecutor.runWorker(ThreadPoolExecutor.java:1144)
	at java.base/java.util.concurrent.ThreadPoolExecutor$Worker.run(ThreadPoolExecutor.java:642)
	at java.base/java.lang.Thread.run(Thread.java:1623)
Caused by: java.lang.IllegalStateException: Expected BEGIN_ARRAY but was BEGIN_OBJECT at line 1 column 2 path $
	at com.google.gson.stream.JsonReader.beginArray(JsonReader.java:350)
	at com.google.gson.internal.bind.ArrayTypeAdapter.read(ArrayTypeAdapter.java:70)
	at com.google.gson.Gson.fromJson(Gson.java:991)
	... 10 more

Jan 15, 2026 11:16:26 PM ai.glog.service.GlogService getFromGlog
SEVERE: java.lang.IllegalStateException: Expected BEGIN_ARRAY but was BEGIN_OBJECT at line 1 column 2 path $
{"detail":"JSON parse error - 'utf-8' codec can't decode byte 0xa4 in position 3753: invalid start byte"}
com.google.gson.JsonSyntaxException: java.lang.IllegalStateException: Expected BEGIN_ARRAY but was BEGIN_OBJECT at line 1 column 2 path $
	at com.google.gson.Gson.fromJson(Gson.java:1003)
	at com.google.gson.Gson.fromJson(Gson.java:956)
	at com.google.gson.Gson.fromJson(Gson.java:905)
	at ai.glog.service.GlogService.getFromGlog(GlogService.java:174)
	at ai.glog.execute.workers.TriageAndRemediationCallableWorker.setGeneralRemediation(TriageAndRemediationCallableWorker.java:212)
	at ai.glog.execute.workers.TriageAndRemediationCallableWorker.call(TriageAndRemediationCallableWorker.java:64)
	at ai.glog.execute.workers.TriageAndRemediationCallableWorker.call(TriageAndRemediationCallableWorker.java:32)
	at java.base/java.util.concurrent.FutureTask.run(FutureTask.java:317)
	at java.base/java.util.concurrent.ThreadPoolExecutor.runWorker(ThreadPoolExecutor.java:1144)
	at java.base/java.util.concurrent.ThreadPoolExecutor$Worker.run(ThreadPoolExecutor.java:642)
	at java.base/java.lang.Thread.run(Thread.java:1623)
Caused by: java.lang.IllegalStateException: Expected BEGIN_ARRAY but was BEGIN_OBJECT at line 1 column 2 path $
	at com.google.gson.stream.JsonReader.beginArray(JsonReader.java:350)
	at com.google.gson.internal.bind.ArrayTypeAdapter.read(ArrayTypeAdapter.java:70)
	at com.google.gson.Gson.fromJson(Gson.java:991)
	... 10 more

Jan 15, 2026 11:16:27 PM ai.glog.service.GlogService getFromGlog
SEVERE: java.lang.IllegalStateException: Expected BEGIN_ARRAY but was BEGIN_OBJECT at line 1 column 2 path $
{"detail":"JSON parse error - 'utf-8' codec can't decode byte 0xa4 in position 118: invalid start byte"}
com.google.gson.JsonSyntaxException: java.lang.IllegalStateException: Expected BEGIN_ARRAY but was BEGIN_OBJECT at line 1 column 2 path $
	at com.google.gson.Gson.fromJson(Gson.java:1003)
	at com.google.gson.Gson.fromJson(Gson.java:956)
	at com.google.gson.Gson.fromJson(Gson.java:905)
	at ai.glog.service.GlogService.getFromGlog(GlogService.java:174)
	at ai.glog.execute.workers.TriageAndRemediationCallableWorker.setGeneralRemediation(TriageAndRemediationCallableWorker.java:212)
	at ai.glog.execute.workers.TriageAndRemediationCallableWorker.call(TriageAndRemediationCallableWorker.java:64)
	at ai.glog.execute.workers.TriageAndRemediationCallableWorker.call(TriageAndRemediationCallableWorker.java:32)
	at java.base/java.util.concurrent.FutureTask.run(FutureTask.java:317)
	at java.base/java.util.concurrent.ThreadPoolExecutor.runWorker(ThreadPoolExecutor.java:1144)
	at java.base/java.util.concurrent.ThreadPoolExecutor$Worker.run(ThreadPoolExecutor.java:642)
	at java.base/java.lang.Thread.run(Thread.java:1623)
Caused by: java.lang.IllegalStateException: Expected BEGIN_ARRAY but was BEGIN_OBJECT at line 1 column 2 path $
	at com.google.gson.stream.JsonReader.beginArray(JsonReader.java:350)
	at com.google.gson.internal.bind.ArrayTypeAdapter.read(ArrayTypeAdapter.java:70)
	at com.google.gson.Gson.fromJson(Gson.java:991)
	... 10 more

Jan 15, 2026 11:16:27 PM ai.glog.service.GlogService getFromGlog
SEVERE: java.lang.IllegalStateException: Expected BEGIN_ARRAY but was BEGIN_OBJECT at line 1 column 2 path $
{"detail":"JSON parse error - 'utf-8' codec can't decode byte 0xa4 in position 118: invalid start byte"}
com.google.gson.JsonSyntaxException: java.lang.IllegalStateException: Expected BEGIN_ARRAY but was BEGIN_OBJECT at line 1 column 2 path $
	at com.google.gson.Gson.fromJson(Gson.java:1003)
	at com.google.gson.Gson.fromJson(Gson.java:956)
	at com.google.gson.Gson.fromJson(Gson.java:905)
	at ai.glog.service.GlogService.getFromGlog(GlogService.java:174)
	at ai.glog.execute.workers.TriageAndRemediationCallableWorker.setGeneralRemediation(TriageAndRemediationCallableWorker.java:212)
	at ai.glog.execute.workers.TriageAndRemediationCallableWorker.call(TriageAndRemediationCallableWorker.java:64)
	at ai.glog.execute.workers.TriageAndRemediationCallableWorker.call(TriageAndRemediationCallableWorker.java:32)
	at java.base/java.util.concurrent.FutureTask.run(FutureTask.java:317)
	at java.base/java.util.concurrent.ThreadPoolExecutor.runWorker(ThreadPoolExecutor.java:1144)
	at java.base/java.util.concurrent.ThreadPoolExecutor$Worker.run(ThreadPoolExecutor.java:642)
	at java.base/java.lang.Thread.run(Thread.java:1623)
Caused by: java.lang.IllegalStateException: Expected BEGIN_ARRAY but was BEGIN_OBJECT at line 1 column 2 path $
	at com.google.gson.stream.JsonReader.beginArray(JsonReader.java:350)
	at com.google.gson.internal.bind.ArrayTypeAdapter.read(ArrayTypeAdapter.java:70)
	at com.google.gson.Gson.fromJson(Gson.java:991)
	... 10 more

Jan 15, 2026 11:16:28 PM ai.glog.service.GlogService getFromGlog
SEVERE: java.lang.IllegalStateException: Expected BEGIN_ARRAY but was BEGIN_OBJECT at line 1 column 2 path $
{"detail":"JSON parse error - 'utf-8' codec can't decode byte 0xa4 in position 86: invalid start byte"}
com.google.gson.JsonSyntaxException: java.lang.IllegalStateException: Expected BEGIN_ARRAY but was BEGIN_OBJECT at line 1 column 2 path $
	at com.google.gson.Gson.fromJson(Gson.java:1003)
	at com.google.gson.Gson.fromJson(Gson.java:956)
	at com.google.gson.Gson.fromJson(Gson.java:905)
	at ai.glog.service.GlogService.getFromGlog(GlogService.java:174)
	at ai.glog.execute.workers.TriageAndRemediationCallableWorker.setGeneralRemediation(TriageAndRemediationCallableWorker.java:212)
	at ai.glog.execute.workers.TriageAndRemediationCallableWorker.call(TriageAndRemediationCallableWorker.java:64)
	at ai.glog.execute.workers.TriageAndRemediationCallableWorker.call(TriageAndRemediationCallableWorker.java:32)
	at java.base/java.util.concurrent.FutureTask.run(FutureTask.java:317)
	at java.base/java.util.concurrent.ThreadPoolExecutor.runWorker(ThreadPoolExecutor.java:1144)
	at java.base/java.util.concurrent.ThreadPoolExecutor$Worker.run(ThreadPoolExecutor.java:642)
	at java.base/java.lang.Thread.run(Thread.java:1623)
Caused by: java.lang.IllegalStateException: Expected BEGIN_ARRAY but was BEGIN_OBJECT at line 1 column 2 path $
	at com.google.gson.stream.JsonReader.beginArray(JsonReader.java:350)
	at com.google.gson.internal.bind.ArrayTypeAdapter.read(ArrayTypeAdapter.java:70)
	at com.google.gson.Gson.fromJson(Gson.java:991)
	... 10 more

Jan 15, 2026 11:16:28 PM ai.glog.service.GlogService getFromGlog
SEVERE: java.lang.IllegalStateException: Expected BEGIN_ARRAY but was BEGIN_OBJECT at line 1 column 2 path $
{"detail":"JSON parse error - 'utf-8' codec can't decode byte 0xa4 in position 86: invalid start byte"}
com.google.gson.JsonSyntaxException: java.lang.IllegalStateException: Expected BEGIN_ARRAY but was BEGIN_OBJECT at line 1 column 2 path $
	at com.google.gson.Gson.fromJson(Gson.java:1003)
	at com.google.gson.Gson.fromJson(Gson.java:956)
	at com.google.gson.Gson.fromJson(Gson.java:905)
	at ai.glog.service.GlogService.getFromGlog(GlogService.java:174)
	at ai.glog.execute.workers.TriageAndRemediationCallableWorker.setGeneralRemediation(TriageAndRemediationCallableWorker.java:212)
	at ai.glog.execute.workers.TriageAndRemediationCallableWorker.call(TriageAndRemediationCallableWorker.java:64)
	at ai.glog.execute.workers.TriageAndRemediationCallableWorker.call(TriageAndRemediationCallableWorker.java:32)
	at java.base/java.util.concurrent.FutureTask.run(FutureTask.java:317)
	at java.base/java.util.concurrent.ThreadPoolExecutor.runWorker(ThreadPoolExecutor.java:1144)
	at java.base/java.util.concurrent.ThreadPoolExecutor$Worker.run(ThreadPoolExecutor.java:642)
	at java.base/java.lang.Thread.run(Thread.java:1623)
Caused by: java.lang.IllegalStateException: Expected BEGIN_ARRAY but was BEGIN_OBJECT at line 1 column 2 path $
	at com.google.gson.stream.JsonReader.beginArray(JsonReader.java:350)
	at com.google.gson.internal.bind.ArrayTypeAdapter.read(ArrayTypeAdapter.java:70)
	at com.google.gson.Gson.fromJson(Gson.java:991)
	... 10 more

Jan 15, 2026 11:16:28 PM ai.glog.service.GlogService getFromGlog
SEVERE: java.lang.IllegalStateException: Expected BEGIN_ARRAY but was BEGIN_OBJECT at line 1 column 2 path $
{"detail":"JSON parse error - 'utf-8' codec can't decode byte 0xa4 in position 125: invalid start byte"}
com.google.gson.JsonSyntaxException: java.lang.IllegalStateException: Expected BEGIN_ARRAY but was BEGIN_OBJECT at line 1 column 2 path $
	at com.google.gson.Gson.fromJson(Gson.java:1003)
	at com.google.gson.Gson.fromJson(Gson.java:956)
	at com.google.gson.Gson.fromJson(Gson.java:905)
	at ai.glog.service.GlogService.getFromGlog(GlogService.java:174)
	at ai.glog.execute.workers.TriageAndRemediationCallableWorker.setGeneralRemediation(TriageAndRemediationCallableWorker.java:212)
	at ai.glog.execute.workers.TriageAndRemediationCallableWorker.call(TriageAndRemediationCallableWorker.java:64)
	at ai.glog.execute.workers.TriageAndRemediationCallableWorker.call(TriageAndRemediationCallableWorker.java:32)
	at java.base/java.util.concurrent.FutureTask.run(FutureTask.java:317)
	at java.base/java.util.concurrent.ThreadPoolExecutor.runWorker(ThreadPoolExecutor.java:1144)
	at java.base/java.util.concurrent.ThreadPoolExecutor$Worker.run(ThreadPoolExecutor.java:642)
	at java.base/java.lang.Thread.run(Thread.java:1623)
Caused by: java.lang.IllegalStateException: Expected BEGIN_ARRAY but was BEGIN_OBJECT at line 1 column 2 path $
	at com.google.gson.stream.JsonReader.beginArray(JsonReader.java:350)
	at com.google.gson.internal.bind.ArrayTypeAdapter.read(ArrayTypeAdapter.java:70)
	at com.google.gson.Gson.fromJson(Gson.java:991)
	... 10 more

Jan 15, 2026 11:16:28 PM ai.glog.service.GlogService getFromGlog
SEVERE: java.lang.IllegalStateException: Expected BEGIN_ARRAY but was BEGIN_OBJECT at line 1 column 2 path $
{"detail":"JSON parse error - 'utf-8' codec can't decode byte 0xa4 in position 125: invalid start byte"}
com.google.gson.JsonSyntaxException: java.lang.IllegalStateException: Expected BEGIN_ARRAY but was BEGIN_OBJECT at line 1 column 2 path $
	at com.google.gson.Gson.fromJson(Gson.java:1003)
	at com.google.gson.Gson.fromJson(Gson.java:956)
	at com.google.gson.Gson.fromJson(Gson.java:905)
	at ai.glog.service.GlogService.getFromGlog(GlogService.java:174)
	at ai.glog.execute.workers.TriageAndRemediationCallableWorker.setGeneralRemediation(TriageAndRemediationCallableWorker.java:212)
	at ai.glog.execute.workers.TriageAndRemediationCallableWorker.call(TriageAndRemediationCallableWorker.java:64)
	at ai.glog.execute.workers.TriageAndRemediationCallableWorker.call(TriageAndRemediationCallableWorker.java:32)
	at java.base/java.util.concurrent.FutureTask.run(FutureTask.java:317)
	at java.base/java.util.concurrent.ThreadPoolExecutor.runWorker(ThreadPoolExecutor.java:1144)
	at java.base/java.util.concurrent.ThreadPoolExecutor$Worker.run(ThreadPoolExecutor.java:642)
	at java.base/java.lang.Thread.run(Thread.java:1623)
Caused by: java.lang.IllegalStateException: Expected BEGIN_ARRAY but was BEGIN_OBJECT at line 1 column 2 path $
	at com.google.gson.stream.JsonReader.beginArray(JsonReader.java:350)
	at com.google.gson.internal.bind.ArrayTypeAdapter.read(ArrayTypeAdapter.java:70)
	at com.google.gson.Gson.fromJson(Gson.java:991)
	... 10 more

Jan 15, 2026 11:16:28 PM ai.glog.service.GlogService getFromGlog
SEVERE: java.lang.IllegalStateException: Expected BEGIN_ARRAY but was BEGIN_OBJECT at line 1 column 2 path $
{"detail":"JSON parse error - 'utf-8' codec can't decode byte 0xa4 in position 144: invalid start byte"}
com.google.gson.JsonSyntaxException: java.lang.IllegalStateException: Expected BEGIN_ARRAY but was BEGIN_OBJECT at line 1 column 2 path $
	at com.google.gson.Gson.fromJson(Gson.java:1003)
	at com.google.gson.Gson.fromJson(Gson.java:956)
	at com.google.gson.Gson.fromJson(Gson.java:905)
	at ai.glog.service.GlogService.getFromGlog(GlogService.java:174)
	at ai.glog.execute.workers.TriageAndRemediationCallableWorker.setGeneralRemediation(TriageAndRemediationCallableWorker.java:212)
	at ai.glog.execute.workers.TriageAndRemediationCallableWorker.call(TriageAndRemediationCallableWorker.java:64)
	at ai.glog.execute.workers.TriageAndRemediationCallableWorker.call(TriageAndRemediationCallableWorker.java:32)
	at java.base/java.util.concurrent.FutureTask.run(FutureTask.java:317)
	at java.base/java.util.concurrent.ThreadPoolExecutor.runWorker(ThreadPoolExecutor.java:1144)
	at java.base/java.util.concurrent.ThreadPoolExecutor$Worker.run(ThreadPoolExecutor.java:642)
	at java.base/java.lang.Thread.run(Thread.java:1623)
Caused by: java.lang.IllegalStateException: Expected BEGIN_ARRAY but was BEGIN_OBJECT at line 1 column 2 path $
	at com.google.gson.stream.JsonReader.beginArray(JsonReader.java:350)
	at com.google.gson.internal.bind.ArrayTypeAdapter.read(ArrayTypeAdapter.java:70)
	at com.google.gson.Gson.fromJson(Gson.java:991)
	... 10 more

Jan 15, 2026 11:16:28 PM ai.glog.service.GlogService getFromGlog
SEVERE: java.lang.IllegalStateException: Expected BEGIN_ARRAY but was BEGIN_OBJECT at line 1 column 2 path $
{"detail":"JSON parse error - 'utf-8' codec can't decode byte 0xa4 in position 144: invalid start byte"}
com.google.gson.JsonSyntaxException: java.lang.IllegalStateException: Expected BEGIN_ARRAY but was BEGIN_OBJECT at line 1 column 2 path $
	at com.google.gson.Gson.fromJson(Gson.java:1003)
	at com.google.gson.Gson.fromJson(Gson.java:956)
	at com.google.gson.Gson.fromJson(Gson.java:905)
	at ai.glog.service.GlogService.getFromGlog(GlogService.java:174)
	at ai.glog.execute.workers.TriageAndRemediationCallableWorker.setGeneralRemediation(TriageAndRemediationCallableWorker.java:212)
	at ai.glog.execute.workers.TriageAndRemediationCallableWorker.call(TriageAndRemediationCallableWorker.java:64)
	at ai.glog.execute.workers.TriageAndRemediationCallableWorker.call(TriageAndRemediationCallableWorker.java:32)
	at java.base/java.util.concurrent.FutureTask.run(FutureTask.java:317)
	at java.base/java.util.concurrent.ThreadPoolExecutor.runWorker(ThreadPoolExecutor.java:1144)
	at java.base/java.util.concurrent.ThreadPoolExecutor$Worker.run(ThreadPoolExecutor.java:642)
	at java.base/java.lang.Thread.run(Thread.java:1623)
Caused by: java.lang.IllegalStateException: Expected BEGIN_ARRAY but was BEGIN_OBJECT at line 1 column 2 path $
	at com.google.gson.stream.JsonReader.beginArray(JsonReader.java:350)
	at com.google.gson.internal.bind.ArrayTypeAdapter.read(ArrayTypeAdapter.java:70)
	at com.google.gson.Gson.fromJson(Gson.java:991)
	... 10 more

